2025-07-13 09:21:24,933 INFO o.h.v.i.u.Version [background-preinit] HV000001: Hibernate Validator 8.0.2.Final
2025-07-13 09:21:24,948 INFO o.s.b.StartupInfoLogger [main] Starting SpringBootBootstrapLiveTest using Java 21.0.7 with PID 39399 (started by vinodkumar in /Users/vinodkumar/Documents/Technologies/SpringBoot/spring-boot-modules)
2025-07-13 09:21:24,949 INFO o.s.b.SpringApplication [main] No active profile set, falling back to 1 default profile: "default"
2025-07-13 09:21:25,282 INFO o.s.d.r.c.RepositoryConfigurationDelegate [main] Bootstrapping Spring Data JPA repositories in DEFAULT mode.
2025-07-13 09:21:25,329 INFO o.s.d.r.c.RepositoryConfigurationDelegate [main] Finished Spring Data repository scanning in 43 ms. Found 1 JPA repository interface.
2025-07-13 09:21:25,529 INFO o.s.b.w.e.t.TomcatWebServer [main] Tomcat initialized with port 0 (http)
2025-07-13 09:21:25,534 INFO o.a.j.l.DirectJDKLog [main] Initializing ProtocolHandler ["http-nio-auto-1"]
2025-07-13 09:21:25,535 INFO o.a.j.l.DirectJDKLog [main] Starting service [Tomcat]
2025-07-13 09:21:25,535 INFO o.a.j.l.DirectJDKLog [main] Starting Servlet engine: [Apache Tomcat/10.1.42]
2025-07-13 09:21:25,553 INFO o.a.j.l.DirectJDKLog [main] Initializing Spring embedded WebApplicationContext
2025-07-13 09:21:25,554 INFO o.s.b.w.s.c.ServletWebServerApplicationContext [main] Root WebApplicationContext: initialization completed in 547 ms
2025-07-13 09:21:25,657 INFO o.h.j.i.u.LogHelper [main] HHH000204: Processing PersistenceUnitInfo [name: default]
2025-07-13 09:21:25,675 INFO o.h.Version [main] HHH000412: Hibernate ORM core version 6.6.18.Final
2025-07-13 09:21:25,685 INFO o.h.c.i.RegionFactoryInitiator [main] HHH000026: Second-level cache disabled
2025-07-13 09:21:25,765 INFO o.s.o.j.p.SpringPersistenceUnitInfo [main] No LoadTimeWeaver setup: ignoring JPA class transformer
2025-07-13 09:21:25,775 INFO c.z.h.HikariDataSource [main] HikariPool-1 - Starting...
2025-07-13 09:21:25,836 INFO c.z.h.p.HikariPool [main] HikariPool-1 - Added connection conn0: url=jdbc:h2:mem:0234e999-87d3-4f17-920a-21e843f7a7fe user=SA
2025-07-13 09:21:25,836 INFO c.z.h.HikariDataSource [main] HikariPool-1 - Start completed.
2025-07-13 09:21:25,853 INFO o.h.e.j.e.i.JdbcEnvironmentInitiator [main] HHH10001005: Database info:
	Database JDBC URL [Connecting through datasource 'HikariDataSource (HikariPool-1)']
	Database driver: undefined/unknown
	Database version: 2.3.232
	Autocommit mode: undefined/unknown
	Isolation level: undefined/unknown
	Minimum pool size: undefined/unknown
	Maximum pool size: undefined/unknown
2025-07-13 09:21:26,113 INFO o.h.e.t.j.p.i.JtaPlatformInitiator [main] HHH000489: No JTA platform available (set 'hibernate.transaction.jta.platform' to enable JTA platform integration)
2025-07-13 09:21:26,125 INFO o.s.o.j.AbstractEntityManagerFactoryBean [main] Initialized JPA EntityManagerFactory for persistence unit 'default'
2025-07-13 09:21:26,251 WARN o.s.b.a.o.j.JpaBaseConfiguration$JpaWebConfiguration [main] spring.jpa.open-in-view is enabled by default. Therefore, database queries may be performed during view rendering. Explicitly configure spring.jpa.open-in-view to disable this warning
2025-07-13 09:21:26,356 INFO o.s.b.a.e.w.EndpointLinksResolver [main] Exposing 1 endpoint beneath base path '/actuator'
2025-07-13 09:21:26,368 WARN o.s.b.a.s.s.UserDetailsServiceAutoConfiguration [main] 

Using generated security password: ba124a64-af1b-4ed8-b50d-2639d47efbfc

This generated password is for development use only. Your security configuration must be updated before running your application in production.

2025-07-13 09:21:26,371 INFO o.s.s.c.a.a.c.InitializeUserDetailsBeanManagerConfigurer$InitializeUserDetailsManagerConfigurer [main] Global AuthenticationManager configured with UserDetailsService bean with name inMemoryUserDetailsManager
2025-07-13 09:21:26,538 INFO o.a.j.l.DirectJDKLog [main] Starting ProtocolHandler ["http-nio-auto-1"]
2025-07-13 09:21:26,568 INFO o.s.b.w.e.t.TomcatWebServer [main] Tomcat started on port 62315 (http) with context path '/'
2025-07-13 09:21:26,575 INFO o.s.b.StartupInfoLogger [main] Started SpringBootBootstrapLiveTest in 1.757 seconds (process running for 2.184)
2025-07-13 09:21:27,206 INFO o.a.j.l.DirectJDKLog [http-nio-auto-1-exec-1] Initializing Spring DispatcherServlet 'dispatcherServlet'
2025-07-13 09:21:27,206 INFO o.s.w.s.FrameworkServlet [http-nio-auto-1-exec-1] Initializing Servlet 'dispatcherServlet'
2025-07-13 09:21:27,207 INFO o.s.w.s.FrameworkServlet [http-nio-auto-1-exec-1] Completed initialization in 1 ms
2025-07-13 09:21:27,335 WARN o.h.e.j.s.SqlExceptionHelper [http-nio-auto-1-exec-2] SQL Error: 23502, SQLState: 23502
2025-07-13 09:21:27,336 ERROR o.h.e.j.s.SqlExceptionHelper [http-nio-auto-1-exec-2] NULL not allowed for column "AUTHOR"; SQL statement:
insert into book (author,title,id) values (?,?,?) [23502-232]
2025-07-13 09:21:27,638 INFO o.s.b.w.e.t.GracefulShutdown [SpringApplicationShutdownHook] Commencing graceful shutdown. Waiting for active requests to complete
2025-07-13 09:21:27,642 INFO o.s.b.w.e.t.GracefulShutdown [tomcat-shutdown] Graceful shutdown complete
2025-07-13 09:21:27,650 INFO o.s.o.j.AbstractEntityManagerFactoryBean [SpringApplicationShutdownHook] Closing JPA EntityManagerFactory for persistence unit 'default'
2025-07-13 09:21:27,651 INFO c.z.h.HikariDataSource [SpringApplicationShutdownHook] HikariPool-1 - Shutdown initiated...
2025-07-13 09:21:27,651 INFO c.z.h.HikariDataSource [SpringApplicationShutdownHook] HikariPool-1 - Shutdown completed.
